2026-06-30 23:54:19  INFO      계좌: equity=$99,160.77  cash=$99,160.77
2026-06-30 23:54:20  INFO      [QQQ] 일봉 트렌드: status=ok  asof=2026-06-29  MA5=714.25 MA20=724.05 MA60=688.94 MA120=647.89
2026-06-30 23:54:21  INFO      [QQQ] 3분봉 워밍업 완료: 1600개 (7영업일)
2026-06-30 23:58:23  INFO      [QQQ] 상태 복구: direction=flat qty=0
2026-06-30 23:58:24  INFO      계좌: equity=$99,160.77  cash=$99,160.77
2026-06-30 23:58:26  INFO      [QQQ] 일봉 트렌드: status=ok  asof=2026-06-29  MA5=714.25 MA20=724.05 MA60=688.94 MA120=647.89
2026-06-30 23:58:27  INFO      [QQQ] 3분봉 워밍업 완료: 620개 (7영업일, 정규장만)
2026-06-30 23:59:27  INFO      [QQQ] 상태 복구: direction=flat qty=0
2026-06-30 23:59:27  INFO      계좌: equity=$99,160.77  cash=$99,160.77
2026-06-30 23:59:29  INFO      [QQQ] 일봉 트렌드: status=ok  asof=2026-06-29  MA5=714.25 MA20=724.05 MA60=688.94 MA120=647.89
2026-06-30 23:59:29  INFO      [QQQ] 3분봉 워밍업 완료: 620개 (7영업일, 정규장만)
2026-07-01 00:08:25  INFO      [QQQ] 상태 복구: direction=flat qty=0
2026-07-01 00:08:26  INFO      계좌: equity=$99,160.77  cash=$99,160.77
2026-07-01 00:08:28  INFO      [QQQ] 일봉 트렌드: status=ok  asof=2026-06-29  MA5=714.25 MA20=724.05 MA60=688.94 MA120=647.89
2026-07-01 00:08:28  INFO      [QQQ] 3분봉 워밍업 완료: 620개 (7영업일, 정규장만)
2026-07-01 00:22:07  INFO      상태 복구: 일일누적=$0
2026-07-01 00:22:07  INFO        [QQQ] direction=flat  qty=0주
2026-07-01 00:22:08  INFO      계좌 현황: equity=$99,160.77  cash=$99,160.77
2026-07-01 00:22:08  INFO      일봉 트렌드 초기 로드 중...
2026-07-01 00:22:09  INFO      [QQQ] 일봉 트렌드 갱신: status=ok  asof=2026-06-29  MA5=714.25 MA20=724.05 MA60=688.94 MA120=647.89
2026-07-01 00:22:09  INFO      3분봉 워밍업 중 (최근 거래 이력으로 스윙하이/장대양봉 이력 확보)...
2026-07-01 00:22:10  INFO      [QQQ] 3분봉 워밍업 완료: 60개
